#0 building with "pandora-docker-builds-v1" instance using docker-container driver

#1 [internal] booting buildkit
#1 starting container buildx_buildkit_pandora-docker-builds-v10
#1 starting container buildx_buildkit_pandora-docker-builds-v10 0.3s done
#1 DONE 0.3s

#2 [internal] load build definition from Pandora.Dockerfile
#2 transferring dockerfile: 2.96kB done
#2 DONE 0.0s

#3 [internal] load metadata for docker.io/library/node:24-bookworm-slim@sha256:0e0ff40c39bc087845bfb27465a0df4ea419520094bc35842ff83dd8cbe6f9b6
#3 DONE 0.3s

#4 [internal] load .dockerignore
#4 transferring context: 2B done
#4 DONE 0.0s

#5 [build  1/35] FROM docker.io/library/node:24-bookworm-slim@sha256:0e0ff40c39bc087845bfb27465a0df4ea419520094bc35842ff83dd8cbe6f9b6
#5 resolve docker.io/library/node:24-bookworm-slim@sha256:0e0ff40c39bc087845bfb27465a0df4ea419520094bc35842ff83dd8cbe6f9b6 done
#5 DONE 0.0s

#6 [internal] load build context
#6 transferring context: 359.40kB 0.2s done
#6 DONE 0.2s

#7 [build 17/35] COPY [legacy/apps/ike-api/package.json, ./legacy/apps/ike-api/package.json]
#7 CACHED

#8 [build 21/35] COPY [legacy/packages/blueprint/package.json, ./legacy/packages/blueprint/package.json]
#8 CACHED

#9 [stage-1 2/4] WORKDIR /workspace
#9 CACHED

#10 [build 19/35] COPY [legacy/apps/intake-lab/package.json, ./legacy/apps/intake-lab/package.json]
#10 CACHED

#11 [build 25/35] COPY [packages/client/package.json, ./packages/client/package.json]
#11 CACHED

#12 [build 24/35] COPY [package.json, ./package.json]
#12 CACHED

#13 [build 18/35] COPY [legacy/apps/ike-web/package.json, ./legacy/apps/ike-web/package.json]
#13 CACHED

#14 [build 30/35] COPY [packages/web-ui/package.json, ./packages/web-ui/package.json]
#14 CACHED

#15 [build  5/35] COPY [apps/api/package.json, ./apps/api/package.json]
#15 CACHED

#16 [build  8/35] COPY [apps/brand-tour/package.json, ./apps/brand-tour/package.json]
#16 CACHED

#17 [build 28/35] COPY [packages/scenarios/package.json, ./packages/scenarios/package.json]
#17 CACHED

#18 [build 14/35] COPY [apps/static-docs/package.json, ./apps/static-docs/package.json]
#18 CACHED

#19 [build 33/35] COPY [pnpm-workspace.yaml, ./pnpm-workspace.yaml]
#19 CACHED

#20 [build 29/35] COPY [packages/vendors/package.json, ./packages/vendors/package.json]
#20 CACHED

#21 [build 15/35] COPY [apps/web/package.json, ./apps/web/package.json]
#21 CACHED

#22 [build  4/35] COPY [apps/agent/package.json, ./apps/agent/package.json]
#22 CACHED

#23 [build 13/35] COPY [apps/progress/package.json, ./apps/progress/package.json]
#23 CACHED

#24 [build 10/35] COPY [apps/desk/package.json, ./apps/desk/package.json]
#24 CACHED

#25 [build  9/35] COPY [apps/brief/package.json, ./apps/brief/package.json]
#25 CACHED

#26 [build 16/35] COPY [legacy/apps/blueprint-viewer/package.json, ./legacy/apps/blueprint-viewer/package.json]
#26 CACHED

#27 [build  6/35] COPY [apps/borrower-web/package.json, ./apps/borrower-web/package.json]
#27 CACHED

#28 [build 26/35] COPY [packages/design/package.json, ./packages/design/package.json]
#28 CACHED

#29 [build 32/35] COPY [pnpm-lock.yaml, ./pnpm-lock.yaml]
#29 CACHED

#30 [build 31/35] COPY [patches/decode-uri-component@0.5.0.patch, ./patches/decode-uri-component@0.5.0.patch]
#30 CACHED

#31 [build  7/35] COPY [apps/borrower/package.json, ./apps/borrower/package.json]
#31 CACHED

#32 [build 11/35] COPY [apps/film/package.json, ./apps/film/package.json]
#32 CACHED

#33 [build 34/35] RUN --mount=type=cache,id=pandora-compiled-pnpm,target=/pnpm/store pnpm install --frozen-lockfile --store-dir=/pnpm/store
#33 CACHED

#34 [build 22/35] COPY [legacy/packages/core/package.json, ./legacy/packages/core/package.json]
#34 CACHED

#35 [stage-1 3/4] COPY --from=build /workspace/apps/borrower-web/dist /workspace/dist
#35 CACHED

#36 [build 20/35] COPY [legacy/apps/journey/package.json, ./legacy/apps/journey/package.json]
#36 CACHED

#37 [build 12/35] COPY [apps/mockup/package.json, ./apps/mockup/package.json]
#37 CACHED

#38 [build 27/35] COPY [packages/domain/package.json, ./packages/domain/package.json]
#38 CACHED

#39 [build  3/35] WORKDIR /workspace
#39 CACHED

#40 [build 35/35] RUN --mount=type=bind,source=.,target=/inputs node /inputs/pandora-copy-source.cjs && pnpm --filter @eichler/borrower-web build
#40 CACHED

#41 [build  2/35] RUN npm install --global pnpm@12.3.4
#41 CACHED

#42 [build 23/35] COPY [legacy/packages/ike-ui/package.json, ./legacy/packages/ike-ui/package.json]
#42 CACHED

#43 [stage-1 4/4] COPY pandora-check-build.cjs /workspace/check.cjs
#43 CACHED

#44 exporting to oci image format
#44 exporting layers done
#44 exporting manifest sha256:6e3a445433eae76402c165b5b468bf45661cba2316da3e9b1b016f1cc0029ce9 done
#44 exporting config sha256:ece8b3707c62cb7335f845244efdf9e6c26214e06b6f760342c108c9f26bad45 done
#44 sending tarball
#44 sending tarball 0.6s done
#44 DONE 0.6s

#45 importing to docker
#45 DONE 0.0s

#46 resolving provenance for metadata file
#46 DONE 0.0s
