Unable to find image 'edoburu/pgbouncer:latest' locally
latest: Pulling from edoburu/pgbouncer
ddc7e935a464: Pulling fs layer
235c5f3b936f: Pulling fs layer
517222169933: Pulling fs layer
0bf603a80bb2: Pulling fs layer
490241f15768: Pulling fs layer
6a0ac1617861: Pulling fs layer
ddc7e935a464: Download complete
6a0ac1617861: Download complete
0bf603a80bb2: Download complete
517222169933: Download complete
490241f15768: Download complete
235c5f3b936f: Download complete
b0ed31843d63: Download complete
6a0ac1617861: Pull complete
0bf603a80bb2: Pull complete
ddc7e935a464: Pull complete
517222169933: Pull complete
490241f15768: Pull complete
235c5f3b936f: Pull complete
Digest: sha256:4c1ca296ef525f108f5d3552cc337c0c09587cf8dae7f0067fd93349e47dc1cd
Status: Downloaded newer image for edoburu/pgbouncer:latest
