#0 building with "poc-d42b32e8f72748be9c16dd07298901ba" instance using remote driver

#1 [internal] load build definition from Pandora.Dockerfile
#1 transferring dockerfile: 2.96kB 0.1s done
#1 DONE 0.1s

#2 [internal] load metadata for docker.io/library/node:24-bookworm-slim@sha256:0e0ff40c39bc087845bfb27465a0df4ea419520094bc35842ff83dd8cbe6f9b6
#2 DONE 0.6s

#3 [internal] load .dockerignore
#3 transferring context: 2B 0.1s done
#3 DONE 0.1s

#4 [build  1/35] FROM docker.io/library/node:24-bookworm-slim@sha256:0e0ff40c39bc087845bfb27465a0df4ea419520094bc35842ff83dd8cbe6f9b6
#4 resolve docker.io/library/node:24-bookworm-slim@sha256:0e0ff40c39bc087845bfb27465a0df4ea419520094bc35842ff83dd8cbe6f9b6 done
#4 DONE 0.0s

#5 [internal] load build context
#5 transferring context: 12.28MB 4.9s
#5 transferring context: 24.40MB 10.4s
#5 transferring context: 42.72MB 16.4s
#5 transferring context: 62.42MB 21.4s
#5 transferring context: 75.25MB 26.5s
#5 transferring context: 101.61MB 31.6s
#5 transferring context: 125.10MB 36.7s
#5 transferring context: 142.23MB 41.8s
#5 transferring context: 166.66MB 46.9s
#5 transferring context: 182.73MB 51.9s
#5 transferring context: 197.82MB 57.0s
#5 transferring context: 219.46MB 62.2s
#5 transferring context: 234.22MB 67.2s
#5 transferring context: 255.03MB 72.4s
#5 transferring context: 277.54MB 77.5s
#5 transferring context: 299.62MB 82.5s
#5 transferring context: 320.84MB 87.5s
#5 transferring context: 342.68MB 92.6s
#5 transferring context: 364.63MB 97.7s
#5 transferring context: 380.10MB 100.5s done
#5 DONE 100.5s

#6 [build  4/35] COPY [apps/agent/package.json, ./apps/agent/package.json]
#6 CACHED

#7 [build 21/35] COPY [legacy/packages/blueprint/package.json, ./legacy/packages/blueprint/package.json]
#7 CACHED

#8 [build 16/35] COPY [legacy/apps/blueprint-viewer/package.json, ./legacy/apps/blueprint-viewer/package.json]
#8 CACHED

#9 [build  3/35] WORKDIR /workspace
#9 CACHED

#10 [build  2/35] RUN npm install --global pnpm@12.3.3
#10 CACHED

#11 [build 13/35] COPY [apps/progress/package.json, ./apps/progress/package.json]
#11 CACHED

#12 [build 12/35] COPY [apps/mockup/package.json, ./apps/mockup/package.json]
#12 CACHED

#13 [build 26/35] COPY [packages/design/package.json, ./packages/design/package.json]
#13 CACHED

#14 [build 19/35] COPY [legacy/apps/intake-lab/package.json, ./legacy/apps/intake-lab/package.json]
#14 CACHED

#15 [build 23/35] COPY [legacy/packages/ike-ui/package.json, ./legacy/packages/ike-ui/package.json]
#15 CACHED

#16 [build 29/35] COPY [packages/vendors/package.json, ./packages/vendors/package.json]
#16 CACHED

#17 [build 10/35] COPY [apps/desk/package.json, ./apps/desk/package.json]
#17 CACHED

#18 [build  5/35] COPY [apps/api/package.json, ./apps/api/package.json]
#18 CACHED

#19 [build 11/35] COPY [apps/film/package.json, ./apps/film/package.json]
#19 CACHED

#20 [build 15/35] COPY [apps/web/package.json, ./apps/web/package.json]
#20 CACHED

#21 [build 33/35] COPY [pnpm-workspace.yaml, ./pnpm-workspace.yaml]
#21 CACHED

#22 [build 30/35] COPY [packages/web-ui/package.json, ./packages/web-ui/package.json]
#22 CACHED

#23 [build 14/35] COPY [apps/static-docs/package.json, ./apps/static-docs/package.json]
#23 CACHED

#24 [build 31/35] COPY [patches/decode-uri-component@0.5.0.patch, ./patches/decode-uri-component@0.5.0.patch]
#24 CACHED

#25 [build 25/35] COPY [packages/client/package.json, ./packages/client/package.json]
#25 CACHED

#26 [build  8/35] COPY [apps/brand-tour/package.json, ./apps/brand-tour/package.json]
#26 CACHED

#27 [build 27/35] COPY [packages/domain/package.json, ./packages/domain/package.json]
#27 CACHED

#28 [build  6/35] COPY [apps/borrower-web/package.json, ./apps/borrower-web/package.json]
#28 CACHED

#29 [build 32/35] COPY [pnpm-lock.yaml, ./pnpm-lock.yaml]
#29 CACHED

#30 [build  9/35] COPY [apps/brief/package.json, ./apps/brief/package.json]
#30 CACHED

#31 [build 28/35] COPY [packages/scenarios/package.json, ./packages/scenarios/package.json]
#31 CACHED

#32 [build 17/35] COPY [legacy/apps/ike-api/package.json, ./legacy/apps/ike-api/package.json]
#32 CACHED

#33 [build 22/35] COPY [legacy/packages/core/package.json, ./legacy/packages/core/package.json]
#33 CACHED

#34 [build 24/35] COPY [package.json, ./package.json]
#34 CACHED

#35 [build 18/35] COPY [legacy/apps/ike-web/package.json, ./legacy/apps/ike-web/package.json]
#35 CACHED

#36 [build  7/35] COPY [apps/borrower/package.json, ./apps/borrower/package.json]
#36 CACHED

#37 [build 20/35] COPY [legacy/apps/journey/package.json, ./legacy/apps/journey/package.json]
#37 CACHED

#38 [build 34/35] RUN --mount=type=cache,id=pandora-compiled-pnpm,target=/pnpm/store pnpm install --frozen-lockfile --store-dir=/pnpm/store
#38 CACHED

#39 [build 35/35] RUN --mount=type=bind,source=.,target=/inputs node /inputs/pandora-copy-source.cjs && pnpm --filter @eichler/borrower-web build
#39 0.922 $ vite build
#39 1.094 [36mvite v7.3.6 [32mbuilding client environment for production...[36m[39m
#39 1.146 transforming...
#39 2.136 [33m../../node_modules/.pnpm/zod@4.5.4/node_modules/zod/v4/core/regexes.js (70:0): A comment
#39 2.136
#39 2.136 "/** Anchors a pattern source. The interpolation lives here rather than at the call site because
#39 2.136  * esbuild will not drop a `@__PURE__` call whose own argument interpolates a variable, but it
#39 2.136  * will drop `anchor(dateSource)`. Keeping it inline pinned `date` into every bundle. */"
#39 2.136
#39 2.136 in "../../node_modules/.pnpm/zod@4.5.4/node_modules/zod/v4/core/regexes.js" contains an annotation that Rollup cannot interpret due to the position of the comment. The comment will be removed to avoid issues.[39m
#39 2.139 [33m../../node_modules/.pnpm/zod@4.5.4/node_modules/zod/v4/core/util.js (330:0): A comment
#39 2.139
#39 2.139 "// Wrapped in a `@__PURE__` IIFE: esbuild never tree-shakes a top-level initializer that contains a member access on `Number`, so the bare object literal survived into every bundle."
#39 2.139
#39 2.139 in "../../node_modules/.pnpm/zod@4.5.4/node_modules/zod/v4/core/util.js" contains an annotation that Rollup cannot interpret due to the position of the comment. The comment will be removed to avoid issues.[39m
#39 3.188 [32m✓[39m 384 modules transformed.
#39 3.469 rendering chunks...
#39 3.480 computing gzip size...
#39 3.502 [2mdist/[22m[32mindex.html                 [39m[1m[2m  0.44 kB[22m[1m[22m[2m │ gzip:   0.30 kB[22m
#39 3.502 [2mdist/[22m[2massets/[22m[35mindex-5MBVbAjP.css  [39m[1m[2m  6.48 kB[22m[1m[22m[2m │ gzip:   1.39 kB[22m
#39 3.502 [2mdist/[22m[2massets/[22m[36mindex-zGPitRJL.js   [39m[1m[33m783.52 kB[39m[22m[2m │ gzip: 225.76 kB[22m
#39 3.502 [33m
#39 3.502 (!) Some chunks are larger than 500 kB after minification. Consider:
#39 3.502 - Using dynamic import() to code-split the application
#39 3.502 - Use build.rollupOptions.output.manualChunks to improve chunking: https://rollupjs.org/configuration-options/#output-manualchunks
#39 3.502 - Adjust chunk size limit for this warning via build.chunkSizeWarningLimit.[39m
#39 3.502 [32m✓ built in 2.38s[39m
#39 DONE 3.6s

#40 [stage-1 2/4] WORKDIR /workspace
#40 CACHED

#41 [stage-1 3/4] COPY --from=build /workspace/apps/borrower-web/dist /workspace/dist
#41 CACHED

#42 [stage-1 4/4] COPY pandora-check-build.cjs /workspace/check.cjs
#42 CACHED

#43 exporting to image
#43 exporting layers done
#43 exporting manifest sha256:6c16d2b325f08e5aa59204dfe882dc8128511c43441aae197004753cbbc6d7f1 done
#43 exporting config sha256:781f196de2540f485889cb95f7b8dcbe848d8792684e2edebcb8b6c461a35c2e done
#43 pushing layers
#43 pushing layers 0.3s done
#43 pushing manifest for 127.0.0.1:15000/pandora-poc:compiled@sha256:6c16d2b325f08e5aa59204dfe882dc8128511c43441aae197004753cbbc6d7f1
#43 pushing manifest for 127.0.0.1:15000/pandora-poc:compiled@sha256:6c16d2b325f08e5aa59204dfe882dc8128511c43441aae197004753cbbc6d7f1 done
#43 DONE 0.4s

#44 resolving provenance for metadata file
#44 DONE 0.3s

View build details: docker-desktop://dashboard/build/poc-d42b32e8f72748be9c16dd07298901ba/poc-d42b32e8f72748be9c16dd07298901ba0/uaribip7rxioddk00pmt75nb9
