#0 building with "pandora-probe-862374327bee" instance using docker-container driver

#1 [internal] load build definition from Dockerfile
#1 transferring dockerfile: 473B done
#1 DONE 0.0s

#2 [internal] load metadata for docker.io/library/node:24-bookworm-slim@sha256:0e0ff40c39bc087845bfb27465a0df4ea419520094bc35842ff83dd8cbe6f9b6
#2 DONE 0.0s

#3 [internal] load .dockerignore
#3 transferring context: 2B done
#3 DONE 0.0s

#4 [stage-0 1/6] FROM docker.io/library/node:24-bookworm-slim@sha256:0e0ff40c39bc087845bfb27465a0df4ea419520094bc35842ff83dd8cbe6f9b6
#4 resolve docker.io/library/node:24-bookworm-slim@sha256:0e0ff40c39bc087845bfb27465a0df4ea419520094bc35842ff83dd8cbe6f9b6 done
#4 DONE 0.0s

#5 [internal] load build context
#5 transferring context: 94B done
#5 DONE 0.0s

#6 [stage-0 3/6] COPY deps /app/deps
#6 CACHED

#7 [stage-0 2/6] WORKDIR /app
#7 CACHED

#8 [stage-0 4/6] RUN --mount=type=cache,target=/probe-cache if test -f /probe-cache/marker; then echo PROBE_STORE_WARM; else echo PROBE_STORE_COLD; fi; touch /probe-cache/marker
#8 CACHED

#9 [stage-0 5/6] COPY source.js /app/source.js
#9 DONE 0.0s

#10 [stage-0 6/6] RUN node --check source.js && mkdir -p dist && cp source.js dist/result.js
#10 0.067 /app/source.js:1
#10 0.067 this is invalid javascript !!!
#10 0.067      ^^
#10 0.067 
#10 0.067 SyntaxError: Unexpected identifier 'is'
#10 0.067     at wrapSafe (node:internal/modules/cjs/loader:1861:18)
#10 0.067     at checkSyntax (node:internal/main/check_syntax:88:3)
#10 0.067 
#10 0.067 Node.js v24.21.0
#10 ERROR: process "/bin/sh -c node --check source.js && mkdir -p dist && cp source.js dist/result.js" did not complete successfully: exit code: 1
------
 > [stage-0 6/6] RUN node --check source.js && mkdir -p dist && cp source.js dist/result.js:
0.067 /app/source.js:1
0.067 this is invalid javascript !!!
0.067      ^^
0.067 
0.067 SyntaxError: Unexpected identifier 'is'
0.067     at wrapSafe (node:internal/modules/cjs/loader:1861:18)
0.067     at checkSyntax (node:internal/main/check_syntax:88:3)
0.067 
0.067 Node.js v24.21.0
------
Dockerfile:6
--------------------
   4 |     RUN --mount=type=cache,target=/probe-cache if test -f /probe-cache/marker; then echo PROBE_STORE_WARM; else echo PROBE_STORE_COLD; fi; touch /probe-cache/marker
   5 |     COPY source.js /app/source.js
   6 | >>> RUN node --check source.js && mkdir -p dist && cp source.js dist/result.js
   7 |     CMD ["node", "/app/dist/result.js"]
   8 |     
--------------------
ERROR: failed to build: failed to solve: process "/bin/sh -c node --check source.js && mkdir -p dist && cp source.js dist/result.js" did not complete successfully: exit code: 1
