#0 building with "pandora-probe-862374327bee" instance using docker-container driver

#1 [internal] load build definition from Dockerfile
#1 transferring dockerfile: 473B done
#1 DONE 0.0s

#2 [internal] load metadata for docker.io/library/node:24-bookworm-slim@sha256:0e0ff40c39bc087845bfb27465a0df4ea419520094bc35842ff83dd8cbe6f9b6
#2 DONE 0.0s

#3 [internal] load .dockerignore
#3 transferring context: 2B done
#3 DONE 0.0s

#4 [stage-0 1/6] FROM docker.io/library/node:24-bookworm-slim@sha256:0e0ff40c39bc087845bfb27465a0df4ea419520094bc35842ff83dd8cbe6f9b6
#4 resolve docker.io/library/node:24-bookworm-slim@sha256:0e0ff40c39bc087845bfb27465a0df4ea419520094bc35842ff83dd8cbe6f9b6 done
#4 DONE 0.0s

#5 [internal] load build context
#5 transferring context: 53B done
#5 DONE 0.0s

#6 [stage-0 5/6] COPY source.js /app/source.js
#6 CACHED

#7 [stage-0 2/6] WORKDIR /app
#7 CACHED

#8 [stage-0 3/6] COPY deps /app/deps
#8 CACHED

#9 [stage-0 4/6] RUN --mount=type=cache,target=/probe-cache if test -f /probe-cache/marker; then echo PROBE_STORE_WARM; else echo PROBE_STORE_COLD; fi; touch /probe-cache/marker
#9 CACHED

#10 [stage-0 6/6] RUN node --check source.js && mkdir -p dist && cp source.js dist/result.js
#10 CACHED

#11 exporting to oci image format
#11 exporting layers done
#11 exporting manifest sha256:29bb00faca0ba8690bb207c6d648d042103c49efadada683c5576139cefe37f4 done
#11 exporting config sha256:ab416c217ba2c702a0e9b4e085a1061c79eaac43f8a5ed08097fcfc41d2131f5 done
#11 sending tarball
#11 sending tarball 0.6s done
#11 DONE 0.6s

#12 importing to docker
#12 DONE 0.0s
