#0 building with "pandora-deps-probe-00604ba271" instance using docker-container driver

#1 [internal] load build definition from Dockerfile
#1 transferring dockerfile: 512B done
#1 DONE 0.0s

#2 [internal] load metadata for docker.io/library/node:24-bookworm-slim@sha256:0e0ff40c39bc087845bfb27465a0df4ea419520094bc35842ff83dd8cbe6f9b6
#2 DONE 0.3s

#3 [internal] load .dockerignore
#3 transferring context: 58B done
#3 DONE 0.0s

#4 [internal] load build context
#4 transferring context: 1.00kB done
#4 DONE 0.0s

#5 [stage-0 1/7] FROM docker.io/library/node:24-bookworm-slim@sha256:0e0ff40c39bc087845bfb27465a0df4ea419520094bc35842ff83dd8cbe6f9b6
#5 resolve docker.io/library/node:24-bookworm-slim@sha256:0e0ff40c39bc087845bfb27465a0df4ea419520094bc35842ff83dd8cbe6f9b6 done
#5 sha256:a0498254f698ab1b2c7d0d1ce51ebdea22c1f01e620433118a5c764fab93a3dc 445B / 445B 0.0s done
#5 sha256:2a11efab31915186066efa212f7ba10e7ff63c5d49d21d07c4a8377a2993e70b 1.71MB / 1.71MB 0.0s done
#5 sha256:1c473ca5523b8180b93f87dd2961339837b4d84db4d4998197a64984462b5164 15.73MB / 50.86MB 0.2s
#5 sha256:1c473ca5523b8180b93f87dd2961339837b4d84db4d4998197a64984462b5164 30.41MB / 50.86MB 0.3s
#5 sha256:eab09f3e3981ba4ceab089988dd081db334f2221594d7873f6b9e123f32d2105 3.31kB / 3.31kB 0.2s done
#5 sha256:774043ccc8ccd0d0833a9ee0792142ab7ad93df971e59dd248fbf82db16d0150 0B / 28.24MB 0.2s
#5 sha256:1c473ca5523b8180b93f87dd2961339837b4d84db4d4998197a64984462b5164 37.75MB / 50.86MB 0.5s
#5 sha256:774043ccc8ccd0d0833a9ee0792142ab7ad93df971e59dd248fbf82db16d0150 3.15MB / 28.24MB 0.3s
#5 sha256:1c473ca5523b8180b93f87dd2961339837b4d84db4d4998197a64984462b5164 42.99MB / 50.86MB 0.6s
#5 sha256:774043ccc8ccd0d0833a9ee0792142ab7ad93df971e59dd248fbf82db16d0150 14.68MB / 28.24MB 0.5s
#5 sha256:1c473ca5523b8180b93f87dd2961339837b4d84db4d4998197a64984462b5164 50.86MB / 50.86MB 0.7s done
#5 sha256:774043ccc8ccd0d0833a9ee0792142ab7ad93df971e59dd248fbf82db16d0150 28.24MB / 28.24MB 0.6s done
#5 extracting sha256:774043ccc8ccd0d0833a9ee0792142ab7ad93df971e59dd248fbf82db16d0150
#5 extracting sha256:774043ccc8ccd0d0833a9ee0792142ab7ad93df971e59dd248fbf82db16d0150 0.6s done
#5 DONE 1.2s

#5 [stage-0 1/7] FROM docker.io/library/node:24-bookworm-slim@sha256:0e0ff40c39bc087845bfb27465a0df4ea419520094bc35842ff83dd8cbe6f9b6
#5 extracting sha256:eab09f3e3981ba4ceab089988dd081db334f2221594d7873f6b9e123f32d2105 done
#5 extracting sha256:1c473ca5523b8180b93f87dd2961339837b4d84db4d4998197a64984462b5164
#5 extracting sha256:1c473ca5523b8180b93f87dd2961339837b4d84db4d4998197a64984462b5164 0.8s done
#5 DONE 2.1s

#5 [stage-0 1/7] FROM docker.io/library/node:24-bookworm-slim@sha256:0e0ff40c39bc087845bfb27465a0df4ea419520094bc35842ff83dd8cbe6f9b6
#5 extracting sha256:2a11efab31915186066efa212f7ba10e7ff63c5d49d21d07c4a8377a2993e70b 0.0s done
#5 extracting sha256:a0498254f698ab1b2c7d0d1ce51ebdea22c1f01e620433118a5c764fab93a3dc done
#5 DONE 2.1s

#6 [stage-0 2/7] RUN npm install -g pnpm@12.3.4 --loglevel=error
#6 1.494
#6 1.494 added 2 packages in 1s
#6 1.497 npm notice
#6 1.497 npm notice New major version of npm available! 11.19.0 -> 12.0.2
#6 1.497 npm notice Changelog: https://github.com/npm/cli/releases/tag/v12.0.2
#6 1.497 npm notice To update run: npm install -g npm@12.0.2
#6 1.497 npm notice
#6 DONE 1.8s

#7 [stage-0 3/7] WORKDIR /app
#7 DONE 0.0s

#8 [stage-0 4/7] COPY package.json pnpm-lock.yaml ./
#8 DONE 0.0s

#9 [stage-0 5/7] RUN --mount=type=cache,target=/pnpm/store pnpm install --frozen-lockfile --ignore-scripts --store-dir=/pnpm/store --reporter=append-only
#9 0.071 ? Verifying lockfile against supply-chain policies (2 entries)...
#9 0.202 Update available! 12.3.4 → 12.4.2.
#9 0.202 Changelog: https://pnpm.io/v/12.4.2
#9 0.202 To update, run: curl -fsSL https://get.pnpm.io/install.sh | sh -
#9 0.257 Packages are copied from the content-addressable store to the virtual store.
#9 0.257   Content-addressable store is at: /pnpm/store/v11
#9 0.257   Virtual store is at:             node_modules/.pnpm
#9 0.968 ✓ Lockfile passes supply-chain policies (2 entries in 897ms)
#9 0.968 Lockfile is up to date, resolution step is skipped
#9 0.969 Packages: +2
#9 0.969 ++
#9 0.970 Progress: resolved 2, reused 0, downloaded 2, added 2, done
#9 0.977
#9 0.977 dependencies:
#9 0.977 + zod 3.23.8
#9 0.977
#9 0.977 devDependencies:
#9 0.977 + typescript 5.6.3
#9 0.977
#9 0.977 Done in 913ms using pnpm v12.3.4
#9 DONE 1.0s

#10 [stage-0 6/7] COPY source.ts ./
#10 DONE 0.0s

#11 [stage-0 7/7] RUN pnpm exec tsc source.ts --outDir dist --target ES2022 --module commonjs --skipLibCheck
#11 DONE 0.6s

#12 exporting to oci image format
#12 exporting layers
#12 exporting layers 2.3s done
#12 exporting manifest sha256:52012b7c4d2e360bf99b575e498ade398ff8b65456ef7c142a473f5fa1706ea8 done
#12 exporting config sha256:28d3e40c0eaf22eaeeed06c2d3b1d7e5caa1a86879d6d60bfef5f63cdc25b35f done
#12 sending tarball
#12 sending tarball 1.6s done
#12 DONE 3.9s

#13 importing to docker
#13 DONE 0.0s
