#0 building with "pandora-deps-probe-00604ba271" instance using docker-container driver

#1 [internal] load build definition from Dockerfile
#1 transferring dockerfile: 512B done
#1 DONE 0.0s

#2 [internal] load metadata for docker.io/library/node:24-bookworm-slim@sha256:0e0ff40c39bc087845bfb27465a0df4ea419520094bc35842ff83dd8cbe6f9b6
#2 DONE 0.0s

#3 [internal] load .dockerignore
#3 transferring context: 58B done
#3 DONE 0.0s

#4 [stage-0 1/7] FROM docker.io/library/node:24-bookworm-slim@sha256:0e0ff40c39bc087845bfb27465a0df4ea419520094bc35842ff83dd8cbe6f9b6
#4 resolve docker.io/library/node:24-bookworm-slim@sha256:0e0ff40c39bc087845bfb27465a0df4ea419520094bc35842ff83dd8cbe6f9b6 done
#4 DONE 0.0s

#5 [internal] load build context
#5 transferring context: 922B done
#5 DONE 0.0s

#6 [stage-0 2/7] RUN npm install -g pnpm@12.3.4 --loglevel=error
#6 CACHED

#7 [stage-0 3/7] WORKDIR /app
#7 CACHED

#8 [stage-0 4/7] COPY package.json pnpm-lock.yaml ./
#8 DONE 0.0s

#9 [stage-0 5/7] RUN --mount=type=cache,target=/pnpm/store pnpm install --frozen-lockfile --ignore-scripts --store-dir=/pnpm/store --reporter=append-only
#9 0.068 ? Verifying lockfile against supply-chain policies (2 entries)...
#9 0.068 Packages are copied from the content-addressable store to the virtual store.
#9 0.068   Content-addressable store is at: /pnpm/store/v11
#9 0.068   Virtual store is at:             node_modules/.pnpm
#9 0.187 Update available! 12.3.4 → 12.4.2.
#9 0.187 Changelog: https://pnpm.io/v/12.4.2
#9 0.187 To update, run: curl -fsSL https://get.pnpm.io/install.sh | sh -
#9 0.744 ✓ Lockfile passes supply-chain policies (2 entries in 676ms)
#9 0.744 Lockfile is up to date, resolution step is skipped
#9 0.745 Packages: +2
#9 0.745 ++
#9 0.746 Progress: resolved 2, reused 1, downloaded 1, added 2, done
#9 0.751 
#9 0.751 dependencies:
#9 0.751 + zod 3.24.2
#9 0.751 
#9 0.751 devDependencies:
#9 0.751 + typescript 5.6.3
#9 0.751 
#9 0.752 Done in 692ms using pnpm v12.3.4
#9 DONE 0.8s

#10 [stage-0 6/7] COPY source.ts ./
#10 DONE 0.0s

#11 [stage-0 7/7] RUN pnpm exec tsc source.ts --outDir dist --target ES2022 --module commonjs --skipLibCheck
#11 DONE 0.6s

#12 exporting to oci image format
#12 exporting layers
#12 exporting layers 0.8s done
#12 exporting manifest sha256:b8b26d944ded0dd9ded9f1fb59eb487d5f45e7c33af94426d3372ad4d4d8f6e0 done
#12 exporting config sha256:aede96fa7a5d36c52fae08ee2c881b9a84bf9a8ed5a71906e8d16bbd228d8f6c done
#12 sending tarball
#12 sending tarball 1.1s done
#12 DONE 2.0s

#13 importing to docker
#13 DONE 0.0s
