#0 building with "pandora-deps-probe-00604ba271" instance using docker-container driver

#1 [internal] load build definition from Dockerfile
#1 transferring dockerfile: 512B done
#1 DONE 0.0s

#2 [internal] load metadata for docker.io/library/node:24-bookworm-slim@sha256:0e0ff40c39bc087845bfb27465a0df4ea419520094bc35842ff83dd8cbe6f9b6
#2 DONE 0.0s

#3 [internal] load .dockerignore
#3 transferring context: 58B done
#3 DONE 0.0s

#4 [stage-0 1/7] FROM docker.io/library/node:24-bookworm-slim@sha256:0e0ff40c39bc087845bfb27465a0df4ea419520094bc35842ff83dd8cbe6f9b6
#4 resolve docker.io/library/node:24-bookworm-slim@sha256:0e0ff40c39bc087845bfb27465a0df4ea419520094bc35842ff83dd8cbe6f9b6 done
#4 DONE 0.0s

#5 [internal] load build context
#5 transferring context: 96B done
#5 DONE 0.0s

#6 [stage-0 2/7] RUN npm install -g pnpm@12.3.4 --loglevel=error
#6 CACHED

#7 [stage-0 3/7] WORKDIR /app
#7 CACHED

#8 [stage-0 5/7] RUN --mount=type=cache,target=/pnpm/store pnpm install --frozen-lockfile --ignore-scripts --store-dir=/pnpm/store --reporter=append-only
#8 CACHED

#9 [stage-0 6/7] COPY source.ts ./
#9 CACHED

#10 [stage-0 4/7] COPY package.json pnpm-lock.yaml ./
#10 CACHED

#11 [stage-0 7/7] RUN pnpm exec tsc source.ts --outDir dist --target ES2022 --module commonjs --skipLibCheck
#11 CACHED

#12 exporting to oci image format
#12 exporting layers done
#12 exporting manifest sha256:52012b7c4d2e360bf99b575e498ade398ff8b65456ef7c142a473f5fa1706ea8 done
#12 exporting config sha256:28d3e40c0eaf22eaeeed06c2d3b1d7e5caa1a86879d6d60bfef5f63cdc25b35f done
#12 sending tarball
#12 sending tarball 0.9s done
#12 DONE 0.9s

#13 importing to docker
#13 DONE 0.0s
